/ds1/workspace/ai/QDCR-Net/src/engine/trainer.py:63: FutureWarning: `torch.cuda.amp.GradScaler(args...)` is deprecated. Please use `torch.amp.GradScaler('cuda', args...)` instead.
  scaler = torch.cuda.amp.GradScaler(enabled=use_amp)
[2026-04-18 10:11:02,243] INFO qdcr.trainer: [train] experiment=qdcr_ruod_tuned_full dataset_size=3013 batch_size=100 epochs=120 max_batches=0 device=cuda early_stopping=True monitor=loss mode=min patience=15 min_delta=0.000500
[2026-04-18 10:11:02,243] INFO qdcr.trainer: [train] tensorboard_log_dir=/ds1/workspace/ai/QDCR-Net/runs/20260418-101102_qdcr_net_ruod_bs100_lr0.0003_seed42_qdcr_ruod_tuned_full
[2026-04-18 10:11:02,244] INFO qdcr.trainer: [train] dataloader workers=1 pin_memory=True persistent_workers=True prefetch_factor=1 log_interval=10 scalar_log_interval=10 amp=True eval_interval=5
TensorBoard log dir: /ds1/workspace/ai/QDCR-Net/runs/20260418-101102_qdcr_net_ruod_bs100_lr0.0003_seed42_qdcr_ruod_tuned_full
[2026-04-18 10:11:06,354] INFO qdcr.trainer: [train] epoch=1 batch=1 loss=3.0388 acc=0.23 iou=0.02 objects=763
[2026-04-18 10:11:41,675] INFO qdcr.trainer: [train] epoch=1 batch=10 loss=2.8845 acc=0.45 iou=0.02 objects=705
[2026-04-18 10:12:31,894] INFO qdcr.trainer: [train] epoch=1 batch=20 loss=2.8078 acc=0.39 iou=0.02 objects=660
[2026-04-18 10:13:24,276] INFO qdcr.trainer: [train] epoch=1 batch=30 loss=2.6817 acc=0.42 iou=0.03 objects=641
[2026-04-18 10:13:24,669] INFO qdcr.trainer: [train] epoch=1 skipped validation eval_interval=5
[2026-04-18 10:13:29,806] INFO qdcr.trainer: [train] epoch=2 batch=1 loss=2.6683 acc=0.49 iou=0.04 objects=728
[2026-04-18 10:14:13,681] INFO qdcr.trainer: [train] epoch=2 batch=10 loss=2.6065 acc=0.52 iou=0.04 objects=782
[2026-04-18 10:15:00,728] INFO qdcr.trainer: [train] epoch=2 batch=20 loss=2.5271 acc=0.44 iou=0.05 objects=687
[2026-04-18 10:15:46,974] INFO qdcr.trainer: [train] epoch=2 batch=30 loss=2.5335 acc=0.45 iou=0.04 objects=721
[2026-04-18 10:15:47,252] INFO qdcr.trainer: [train] epoch=2 skipped validation eval_interval=5
[2026-04-18 10:15:51,927] INFO qdcr.trainer: [train] epoch=3 batch=1 loss=2.5166 acc=0.42 iou=0.06 objects=786
[2026-04-18 10:16:33,422] INFO qdcr.trainer: [train] epoch=3 batch=10 loss=2.4385 acc=0.51 iou=0.06 objects=699
[2026-04-18 10:17:17,308] INFO qdcr.trainer: [train] epoch=3 batch=20 loss=2.4455 acc=0.57 iou=0.06 objects=843
[2026-04-18 10:17:58,380] INFO qdcr.trainer: [train] epoch=3 batch=30 loss=2.4034 acc=0.50 iou=0.08 objects=696
[2026-04-18 10:17:58,583] INFO qdcr.trainer: [train] epoch=3 skipped validation eval_interval=5
[2026-04-18 10:18:03,012] INFO qdcr.trainer: [train] epoch=4 batch=1 loss=2.4036 acc=0.47 iou=0.07 objects=647
[2026-04-18 10:18:40,713] INFO qdcr.trainer: [train] epoch=4 batch=10 loss=2.4615 acc=0.54 iou=0.05 objects=790
[2026-04-18 10:19:21,055] INFO qdcr.trainer: [train] epoch=4 batch=20 loss=2.4381 acc=0.41 iou=0.07 objects=698
[2026-04-18 10:20:03,710] INFO qdcr.trainer: [train] epoch=4 batch=30 loss=2.4460 acc=0.40 iou=0.06 objects=705
[2026-04-18 10:20:03,905] INFO qdcr.trainer: [train] epoch=4 skipped validation eval_interval=5
[2026-04-18 10:20:08,210] INFO qdcr.trainer: [train] epoch=5 batch=1 loss=2.4295 acc=0.46 iou=0.06 objects=736
[2026-04-18 10:20:46,186] INFO qdcr.trainer: [train] epoch=5 batch=10 loss=2.4350 acc=0.45 iou=0.05 objects=661
[2026-04-18 10:21:25,556] INFO qdcr.trainer: [train] epoch=5 batch=20 loss=2.4068 acc=0.50 iou=0.07 objects=775
[2026-04-18 10:22:06,325] INFO qdcr.trainer: [train] epoch=5 batch=30 loss=2.4094 acc=0.44 iou=0.07 objects=690
[2026-04-18 10:24:01,485] INFO qdcr.trainer: [train] epoch=5 summary loss=2.4088 acc=0.48 iou=0.06 val_loss=2.4554 best=2.4554 best_epoch=5 wait=0/15 samples=21401
[2026-04-18 10:24:03,637] INFO qdcr.trainer: [train] epoch=6 batch=1 loss=2.3995 acc=0.47 iou=0.06 objects=679
[2026-04-18 10:24:35,470] INFO qdcr.trainer: [train] epoch=6 batch=10 loss=2.4108 acc=0.46 iou=0.06 objects=682
[2026-04-18 10:25:16,288] INFO qdcr.trainer: [train] epoch=6 batch=20 loss=2.3951 acc=0.49 iou=0.06 objects=707
[2026-04-18 10:25:56,382] INFO qdcr.trainer: [train] epoch=6 batch=30 loss=2.3957 acc=0.48 iou=0.07 objects=761
[2026-04-18 10:25:56,538] INFO qdcr.trainer: [train] epoch=6 skipped validation eval_interval=5
[2026-04-18 10:26:01,239] INFO qdcr.trainer: [train] epoch=7 batch=1 loss=2.3858 acc=0.48 iou=0.07 objects=720
[2026-04-18 10:26:38,132] INFO qdcr.trainer: [train] epoch=7 batch=10 loss=2.4315 acc=0.50 iou=0.05 objects=755
[2026-04-18 10:27:17,883] INFO qdcr.trainer: [train] epoch=7 batch=20 loss=2.3981 acc=0.49 iou=0.07 objects=808
[2026-04-18 10:27:58,105] INFO qdcr.trainer: [train] epoch=7 batch=30 loss=2.3603 acc=0.49 iou=0.07 objects=708
[2026-04-18 10:27:58,205] INFO qdcr.trainer: [train] epoch=7 skipped validation eval_interval=5
[2026-04-18 10:28:02,959] INFO qdcr.trainer: [train] epoch=8 batch=1 loss=2.3836 acc=0.43 iou=0.06 objects=715
[2026-04-18 10:28:39,462] INFO qdcr.trainer: [train] epoch=8 batch=10 loss=2.4302 acc=0.44 iou=0.05 objects=731
[2026-04-18 10:29:19,282] INFO qdcr.trainer: [train] epoch=8 batch=20 loss=2.3964 acc=0.44 iou=0.07 objects=763
[2026-04-18 10:29:59,393] INFO qdcr.trainer: [train] epoch=8 batch=30 loss=2.3707 acc=0.53 iou=0.07 objects=756
[2026-04-18 10:29:59,533] INFO qdcr.trainer: [train] epoch=8 skipped validation eval_interval=5
[2026-04-18 10:30:04,197] INFO qdcr.trainer: [train] epoch=9 batch=1 loss=2.3478 acc=0.57 iou=0.07 objects=694
[2026-04-18 10:30:40,627] INFO qdcr.trainer: [train] epoch=9 batch=10 loss=2.3375 acc=0.46 iou=0.08 objects=678
[2026-04-18 10:31:20,187] INFO qdcr.trainer: [train] epoch=9 batch=20 loss=2.3757 acc=0.49 iou=0.06 objects=718
[2026-04-18 10:31:59,649] INFO qdcr.trainer: [train] epoch=9 batch=30 loss=2.4029 acc=0.47 iou=0.07 objects=722
[2026-04-18 10:31:59,748] INFO qdcr.trainer: [train] epoch=9 skipped validation eval_interval=5
[2026-04-18 10:32:04,319] INFO qdcr.trainer: [train] epoch=10 batch=1 loss=2.3933 acc=0.46 iou=0.06 objects=732
[2026-04-18 10:32:40,335] INFO qdcr.trainer: [train] epoch=10 batch=10 loss=2.3685 acc=0.48 iou=0.07 objects=695
[2026-04-18 10:33:19,646] INFO qdcr.trainer: [train] epoch=10 batch=20 loss=2.3652 acc=0.48 iou=0.08 objects=784
[2026-04-18 10:33:59,212] INFO qdcr.trainer: [train] epoch=10 batch=30 loss=2.3370 acc=0.46 iou=0.07 objects=619
[2026-04-18 10:36:09,979] INFO qdcr.trainer: [train] epoch=10 summary loss=2.3604 acc=0.48 iou=0.07 val_loss=2.4205 best=2.4205 best_epoch=10 wait=0/15 samples=21401
[2026-04-18 10:36:15,045] INFO qdcr.trainer: [train] epoch=11 batch=1 loss=2.3660 acc=0.44 iou=0.08 objects=773
[2026-04-18 10:36:52,739] INFO qdcr.trainer: [train] epoch=11 batch=10 loss=2.3393 acc=0.48 iou=0.08 objects=650
[2026-04-18 10:37:35,239] INFO qdcr.trainer: [train] epoch=11 batch=20 loss=2.3571 acc=0.46 iou=0.09 objects=753
[2026-04-18 10:38:17,307] INFO qdcr.trainer: [train] epoch=11 batch=30 loss=2.3683 acc=0.44 iou=0.06 objects=651
[2026-04-18 10:38:17,425] INFO qdcr.trainer: [train] epoch=11 skipped validation eval_interval=5
[2026-04-18 10:38:22,234] INFO qdcr.trainer: [train] epoch=12 batch=1 loss=2.3683 acc=0.50 iou=0.06 objects=730
[2026-04-18 10:38:59,866] INFO qdcr.trainer: [train] epoch=12 batch=10 loss=2.3520 acc=0.47 iou=0.08 objects=695
[2026-04-18 10:39:41,688] INFO qdcr.trainer: [train] epoch=12 batch=20 loss=2.3438 acc=0.44 iou=0.08 objects=686
[2026-04-18 10:40:25,079] INFO qdcr.trainer: [train] epoch=12 batch=30 loss=2.3839 acc=0.49 iou=0.06 objects=699
[2026-04-18 10:40:25,236] INFO qdcr.trainer: [train] epoch=12 skipped validation eval_interval=5
[2026-04-18 10:40:30,106] INFO qdcr.trainer: [train] epoch=13 batch=1 loss=2.3554 acc=0.55 iou=0.07 objects=762
[2026-04-18 10:41:07,443] INFO qdcr.trainer: [train] epoch=13 batch=10 loss=2.3077 acc=0.50 iou=0.09 objects=714
[2026-04-18 10:41:49,258] INFO qdcr.trainer: [train] epoch=13 batch=20 loss=2.3015 acc=0.51 iou=0.09 objects=751
[2026-04-18 10:42:30,715] INFO qdcr.trainer: [train] epoch=13 batch=30 loss=2.3060 acc=0.58 iou=0.08 objects=737
[2026-04-18 10:42:30,823] INFO qdcr.trainer: [train] epoch=13 skipped validation eval_interval=5
[2026-04-18 10:42:35,509] INFO qdcr.trainer: [train] epoch=14 batch=1 loss=2.3197 acc=0.49 iou=0.09 objects=723
[2026-04-18 10:43:12,607] INFO qdcr.trainer: [train] epoch=14 batch=10 loss=2.3345 acc=0.49 iou=0.08 objects=762
[2026-04-18 10:43:53,910] INFO qdcr.trainer: [train] epoch=14 batch=20 loss=2.3406 acc=0.41 iou=0.09 objects=705
[2026-04-18 10:44:35,303] INFO qdcr.trainer: [train] epoch=14 batch=30 loss=2.3549 acc=0.46 iou=0.08 objects=763
[2026-04-18 10:44:35,384] INFO qdcr.trainer: [train] epoch=14 skipped validation eval_interval=5
[2026-04-18 10:44:39,914] INFO qdcr.trainer: [train] epoch=15 batch=1 loss=2.3309 acc=0.49 iou=0.08 objects=697
[2026-04-18 10:45:17,042] INFO qdcr.trainer: [train] epoch=15 batch=10 loss=2.3529 acc=0.44 iou=0.08 objects=752
[2026-04-18 10:45:58,663] INFO qdcr.trainer: [train] epoch=15 batch=20 loss=2.3227 acc=0.45 iou=0.07 objects=656
[2026-04-18 10:46:40,213] INFO qdcr.trainer: [train] epoch=15 batch=30 loss=2.3525 acc=0.45 iou=0.09 objects=764
[2026-04-18 10:49:06,348] INFO qdcr.trainer: [train] epoch=15 summary loss=2.3259 acc=0.49 iou=0.08 val_loss=2.3880 best=2.3880 best_epoch=15 wait=0/15 samples=21401
[2026-04-18 10:49:14,834] INFO qdcr.trainer: [train] epoch=16 batch=1 loss=2.3042 acc=0.52 iou=0.09 objects=680
[2026-04-18 10:50:25,547] INFO qdcr.trainer: [train] epoch=16 batch=10 loss=2.2924 acc=0.50 iou=0.10 objects=730
[2026-04-18 10:51:05,238] INFO qdcr.trainer: [train] epoch=16 batch=20 loss=2.2830 acc=0.51 iou=0.09 objects=677
[2026-04-18 10:51:45,614] INFO qdcr.trainer: [train] epoch=16 batch=30 loss=2.3482 acc=0.44 iou=0.08 objects=683
[2026-04-18 10:51:45,759] INFO qdcr.trainer: [train] epoch=16 skipped validation eval_interval=5
[2026-04-18 10:51:50,077] INFO qdcr.trainer: [train] epoch=17 batch=1 loss=2.3477 acc=0.55 iou=0.07 objects=739
[2026-04-18 10:52:25,353] INFO qdcr.trainer: [train] epoch=17 batch=10 loss=2.3270 acc=0.46 iou=0.08 objects=692
[2026-04-18 10:53:04,523] INFO qdcr.trainer: [train] epoch=17 batch=20 loss=2.2809 acc=0.49 iou=0.09 objects=625
[2026-04-18 10:53:43,831] INFO qdcr.trainer: [train] epoch=17 batch=30 loss=2.2599 acc=0.51 iou=0.09 objects=591
[2026-04-18 10:53:44,016] INFO qdcr.trainer: [train] epoch=17 skipped validation eval_interval=5
[2026-04-18 10:53:48,496] INFO qdcr.trainer: [train] epoch=18 batch=1 loss=2.3136 acc=0.45 iou=0.09 objects=750
[2026-04-18 10:54:23,445] INFO qdcr.trainer: [train] epoch=18 batch=10 loss=2.2869 acc=0.47 iou=0.09 objects=678
[2026-04-18 10:55:03,303] INFO qdcr.trainer: [train] epoch=18 batch=20 loss=2.3241 acc=0.47 iou=0.09 objects=699
[2026-04-18 10:55:42,770] INFO qdcr.trainer: [train] epoch=18 batch=30 loss=2.3151 acc=0.50 iou=0.09 objects=747
[2026-04-18 10:55:42,891] INFO qdcr.trainer: [train] epoch=18 skipped validation eval_interval=5
[2026-04-18 10:55:47,529] INFO qdcr.trainer: [train] epoch=19 batch=1 loss=2.3302 acc=0.52 iou=0.08 objects=758
[2026-04-18 10:56:22,393] INFO qdcr.trainer: [train] epoch=19 batch=10 loss=2.3064 acc=0.48 iou=0.08 objects=629
[2026-04-18 10:57:01,550] INFO qdcr.trainer: [train] epoch=19 batch=20 loss=2.2784 acc=0.57 iou=0.09 objects=785
[2026-04-18 10:57:40,611] INFO qdcr.trainer: [train] epoch=19 batch=30 loss=2.3239 acc=0.46 iou=0.09 objects=702
[2026-04-18 10:57:40,733] INFO qdcr.trainer: [train] epoch=19 skipped validation eval_interval=5
[2026-04-18 10:57:45,274] INFO qdcr.trainer: [train] epoch=20 batch=1 loss=2.2926 acc=0.52 iou=0.10 objects=758
[2026-04-18 10:58:20,844] INFO qdcr.trainer: [train] epoch=20 batch=10 loss=2.3024 acc=0.45 iou=0.09 objects=667
[2026-04-18 10:58:59,842] INFO qdcr.trainer: [train] epoch=20 batch=20 loss=2.2694 acc=0.46 iou=0.10 objects=743
[2026-04-18 10:59:41,534] INFO qdcr.trainer: [train] epoch=20 batch=30 loss=2.3365 acc=0.48 iou=0.08 objects=696
[2026-04-18 11:02:12,607] INFO qdcr.trainer: [train] epoch=20 summary loss=2.3035 acc=0.49 iou=0.09 val_loss=2.3612 best=2.3612 best_epoch=20 wait=0/15 samples=21401
[2026-04-18 11:02:17,136] INFO qdcr.trainer: [train] epoch=21 batch=1 loss=2.3210 acc=0.51 iou=0.08 objects=717
[2026-04-18 11:02:52,410] INFO qdcr.trainer: [train] epoch=21 batch=10 loss=2.3021 acc=0.48 iou=0.09 objects=702
[2026-04-18 11:03:32,256] INFO qdcr.trainer: [train] epoch=21 batch=20 loss=2.3074 acc=0.49 iou=0.08 objects=729
[2026-04-18 11:04:10,912] INFO qdcr.trainer: [train] epoch=21 batch=30 loss=2.2804 acc=0.47 iou=0.09 objects=665
[2026-04-18 11:04:10,978] INFO qdcr.trainer: [train] epoch=21 skipped validation eval_interval=5
[2026-04-18 11:04:15,469] INFO qdcr.trainer: [train] epoch=22 batch=1 loss=2.3404 acc=0.47 iou=0.08 objects=715
[2026-04-18 11:04:49,741] INFO qdcr.trainer: [train] epoch=22 batch=10 loss=2.2560 acc=0.53 iou=0.10 objects=654
[2026-04-18 11:05:28,894] INFO qdcr.trainer: [train] epoch=22 batch=20 loss=2.3134 acc=0.43 iou=0.09 objects=669
[2026-04-18 11:06:07,565] INFO qdcr.trainer: [train] epoch=22 batch=30 loss=2.2586 acc=0.56 iou=0.09 objects=631
[2026-04-18 11:06:07,682] INFO qdcr.trainer: [train] epoch=22 skipped validation eval_interval=5
[2026-04-18 11:06:12,169] INFO qdcr.trainer: [train] epoch=23 batch=1 loss=2.3622 acc=0.46 iou=0.08 objects=740
[2026-04-18 11:06:46,418] INFO qdcr.trainer: [train] epoch=23 batch=10 loss=2.2872 acc=0.48 iou=0.09 objects=746
[2026-04-18 11:07:25,820] INFO qdcr.trainer: [train] epoch=23 batch=20 loss=2.2498 acc=0.57 iou=0.10 objects=731
[2026-04-18 11:08:04,758] INFO qdcr.trainer: [train] epoch=23 batch=30 loss=2.3032 acc=0.45 iou=0.08 objects=616
[2026-04-18 11:08:04,872] INFO qdcr.trainer: [train] epoch=23 skipped validation eval_interval=5
[2026-04-18 11:08:09,207] INFO qdcr.trainer: [train] epoch=24 batch=1 loss=2.2883 acc=0.55 iou=0.10 objects=813
[2026-04-18 11:08:44,543] INFO qdcr.trainer: [train] epoch=24 batch=10 loss=2.2338 acc=0.50 iou=0.11 objects=696
[2026-04-18 11:09:23,048] INFO qdcr.trainer: [train] epoch=24 batch=20 loss=2.2490 acc=0.52 iou=0.10 objects=760
[2026-04-18 11:10:03,029] INFO qdcr.trainer: [train] epoch=24 batch=30 loss=2.2570 acc=0.52 iou=0.11 objects=821
[2026-04-18 11:10:03,192] INFO qdcr.trainer: [train] epoch=24 skipped validation eval_interval=5
[2026-04-18 11:10:07,612] INFO qdcr.trainer: [train] epoch=25 batch=1 loss=2.2731 acc=0.54 iou=0.10 objects=743
[2026-04-18 11:10:41,875] INFO qdcr.trainer: [train] epoch=25 batch=10 loss=2.2478 acc=0.51 iou=0.10 objects=701
[2026-04-18 11:11:21,005] INFO qdcr.trainer: [train] epoch=25 batch=20 loss=2.3032 acc=0.48 iou=0.09 objects=714
[2026-04-18 11:11:59,237] INFO qdcr.trainer: [train] epoch=25 batch=30 loss=2.2677 acc=0.50 iou=0.09 objects=691
[2026-04-18 11:14:34,144] INFO qdcr.trainer: [train] epoch=25 summary loss=2.2837 acc=0.50 iou=0.09 val_loss=2.3283 best=2.3283 best_epoch=25 wait=0/15 samples=21401
[2026-04-18 11:14:37,409] INFO qdcr.trainer: [train] epoch=26 batch=1 loss=2.3334 acc=0.51 iou=0.08 objects=763
[2026-04-18 11:15:12,828] INFO qdcr.trainer: [train] epoch=26 batch=10 loss=2.3218 acc=0.53 iou=0.07 objects=703
[2026-04-18 11:15:51,664] INFO qdcr.trainer: [train] epoch=26 batch=20 loss=2.2401 acc=0.51 iou=0.10 objects=645
[2026-04-18 11:16:29,921] INFO qdcr.trainer: [train] epoch=26 batch=30 loss=2.2458 acc=0.50 iou=0.11 objects=752
[2026-04-18 11:16:30,044] INFO qdcr.trainer: [train] epoch=26 skipped validation eval_interval=5
[2026-04-18 11:16:34,370] INFO qdcr.trainer: [train] epoch=27 batch=1 loss=2.3079 acc=0.47 iou=0.09 objects=766
[2026-04-18 11:17:08,622] INFO qdcr.trainer: [train] epoch=27 batch=10 loss=2.3091 acc=0.50 iou=0.09 objects=785
[2026-04-18 11:17:47,545] INFO qdcr.trainer: [train] epoch=27 batch=20 loss=2.3228 acc=0.44 iou=0.10 objects=804
[2026-04-18 11:18:26,246] INFO qdcr.trainer: [train] epoch=27 batch=30 loss=2.1966 acc=0.53 iou=0.12 objects=696
[2026-04-18 11:18:26,375] INFO qdcr.trainer: [train] epoch=27 skipped validation eval_interval=5
[2026-04-18 11:18:30,654] INFO qdcr.trainer: [train] epoch=28 batch=1 loss=2.2774 acc=0.46 iou=0.09 objects=675
[2026-04-18 11:19:05,026] INFO qdcr.trainer: [train] epoch=28 batch=10 loss=2.2765 acc=0.46 iou=0.10 objects=713
[2026-04-18 11:19:42,951] INFO qdcr.trainer: [train] epoch=28 batch=20 loss=2.2124 acc=0.52 iou=0.12 objects=733
[2026-04-18 11:20:21,036] INFO qdcr.trainer: [train] epoch=28 batch=30 loss=2.2890 acc=0.44 iou=0.10 objects=699
[2026-04-18 11:20:21,120] INFO qdcr.trainer: [train] epoch=28 skipped validation eval_interval=5
[2026-04-18 11:20:25,368] INFO qdcr.trainer: [train] epoch=29 batch=1 loss=2.2328 acc=0.47 iou=0.12 objects=680
[2026-04-18 11:20:59,132] INFO qdcr.trainer: [train] epoch=29 batch=10 loss=2.2171 acc=0.52 iou=0.11 objects=645
[2026-04-18 11:21:37,172] INFO qdcr.trainer: [train] epoch=29 batch=20 loss=2.2603 acc=0.52 iou=0.10 objects=672
[2026-04-18 11:22:14,969] INFO qdcr.trainer: [train] epoch=29 batch=30 loss=2.2650 acc=0.51 iou=0.10 objects=690
[2026-04-18 11:22:15,120] INFO qdcr.trainer: [train] epoch=29 skipped validation eval_interval=5
[2026-04-18 11:22:19,540] INFO qdcr.trainer: [train] epoch=30 batch=1 loss=2.2289 acc=0.54 iou=0.10 objects=725
[2026-04-18 11:22:54,088] INFO qdcr.trainer: [train] epoch=30 batch=10 loss=2.2498 acc=0.49 iou=0.10 objects=661
[2026-04-18 11:23:32,375] INFO qdcr.trainer: [train] epoch=30 batch=20 loss=2.2175 acc=0.51 iou=0.11 objects=664
[2026-04-18 11:24:10,662] INFO qdcr.trainer: [train] epoch=30 batch=30 loss=2.2837 acc=0.48 iou=0.11 objects=784
[2026-04-18 11:26:47,438] INFO qdcr.trainer: [train] epoch=30 summary loss=2.2636 acc=0.50 iou=0.10 val_loss=2.3129 best=2.3129 best_epoch=30 wait=0/15 samples=21401
[2026-04-18 11:26:51,096] INFO qdcr.trainer: [train] epoch=31 batch=1 loss=2.2512 acc=0.46 iou=0.10 objects=650
[2026-04-18 11:27:24,319] INFO qdcr.trainer: [train] epoch=31 batch=10 loss=2.2244 acc=0.52 iou=0.10 objects=656
[2026-04-18 11:28:01,955] INFO qdcr.trainer: [train] epoch=31 batch=20 loss=2.2720 acc=0.44 iou=0.11 objects=640
[2026-04-18 11:28:40,460] INFO qdcr.trainer: [train] epoch=31 batch=30 loss=2.3054 acc=0.49 iou=0.10 objects=816
[2026-04-18 11:28:40,568] INFO qdcr.trainer: [train] epoch=31 skipped validation eval_interval=5
[2026-04-18 11:28:44,656] INFO qdcr.trainer: [train] epoch=32 batch=1 loss=2.2888 acc=0.53 iou=0.10 objects=775
[2026-04-18 11:29:19,359] INFO qdcr.trainer: [train] epoch=32 batch=10 loss=2.3013 acc=0.51 iou=0.09 objects=776
[2026-04-18 11:29:57,332] INFO qdcr.trainer: [train] epoch=32 batch=20 loss=2.2478 acc=0.57 iou=0.09 objects=724
[2026-04-18 11:30:35,201] INFO qdcr.trainer: [train] epoch=32 batch=30 loss=2.2097 acc=0.49 iou=0.11 objects=707
[2026-04-18 11:30:35,339] INFO qdcr.trainer: [train] epoch=32 skipped validation eval_interval=5
[2026-04-18 11:30:39,722] INFO qdcr.trainer: [train] epoch=33 batch=1 loss=2.1724 acc=0.50 iou=0.13 objects=664
[2026-04-18 11:31:13,631] INFO qdcr.trainer: [train] epoch=33 batch=10 loss=2.2904 acc=0.52 iou=0.09 objects=714
[2026-04-18 11:31:51,926] INFO qdcr.trainer: [train] epoch=33 batch=20 loss=2.2441 acc=0.53 iou=0.10 objects=733
[2026-04-18 11:32:31,004] INFO qdcr.trainer: [train] epoch=33 batch=30 loss=2.2598 acc=0.53 iou=0.10 objects=737
[2026-04-18 11:32:31,137] INFO qdcr.trainer: [train] epoch=33 skipped validation eval_interval=5
[2026-04-18 11:32:35,442] INFO qdcr.trainer: [train] epoch=34 batch=1 loss=2.2229 acc=0.56 iou=0.11 objects=715
[2026-04-18 11:33:09,156] INFO qdcr.trainer: [train] epoch=34 batch=10 loss=2.2113 acc=0.54 iou=0.10 objects=651
[2026-04-18 11:33:47,630] INFO qdcr.trainer: [train] epoch=34 batch=20 loss=2.2831 acc=0.49 iou=0.09 objects=717
[2026-04-18 11:34:25,886] INFO qdcr.trainer: [train] epoch=34 batch=30 loss=2.2559 acc=0.52 iou=0.10 objects=736
[2026-04-18 11:34:25,975] INFO qdcr.trainer: [train] epoch=34 skipped validation eval_interval=5
[2026-04-18 11:34:30,313] INFO qdcr.trainer: [train] epoch=35 batch=1 loss=2.3069 acc=0.45 iou=0.09 objects=672
[2026-04-18 11:35:03,902] INFO qdcr.trainer: [train] epoch=35 batch=10 loss=2.2343 acc=0.50 iou=0.11 objects=694
[2026-04-18 11:35:42,205] INFO qdcr.trainer: [train] epoch=35 batch=20 loss=2.2380 acc=0.46 iou=0.11 objects=657
[2026-04-18 11:36:19,877] INFO qdcr.trainer: [train] epoch=35 batch=30 loss=2.2377 acc=0.49 iou=0.11 objects=641
[2026-04-18 11:38:58,909] INFO qdcr.trainer: [train] epoch=35 summary loss=2.2467 acc=0.50 iou=0.11 val_loss=2.2980 best=2.2980 best_epoch=35 wait=0/15 samples=21401
[2026-04-18 11:39:02,568] INFO qdcr.trainer: [train] epoch=36 batch=1 loss=2.2755 acc=0.46 iou=0.09 objects=608
[2026-04-18 11:39:36,266] INFO qdcr.trainer: [train] epoch=36 batch=10 loss=2.2345 acc=0.47 iou=0.11 objects=677
[2026-04-18 11:40:14,271] INFO qdcr.trainer: [train] epoch=36 batch=20 loss=2.2047 acc=0.48 iou=0.11 objects=684
[2026-04-18 11:40:52,465] INFO qdcr.trainer: [train] epoch=36 batch=30 loss=2.2267 acc=0.50 iou=0.11 objects=671
[2026-04-18 11:40:52,576] INFO qdcr.trainer: [train] epoch=36 skipped validation eval_interval=5
[2026-04-18 11:40:57,089] INFO qdcr.trainer: [train] epoch=37 batch=1 loss=2.2363 acc=0.55 iou=0.10 objects=671
[2026-04-18 11:41:31,143] INFO qdcr.trainer: [train] epoch=37 batch=10 loss=2.2396 acc=0.52 iou=0.11 objects=719
[2026-04-18 11:42:10,001] INFO qdcr.trainer: [train] epoch=37 batch=20 loss=2.2773 acc=0.50 iou=0.09 objects=711
[2026-04-18 11:42:47,863] INFO qdcr.trainer: [train] epoch=37 batch=30 loss=2.2345 acc=0.50 iou=0.10 objects=668
[2026-04-18 11:42:48,045] INFO qdcr.trainer: [train] epoch=37 skipped validation eval_interval=5
[2026-04-18 11:42:52,339] INFO qdcr.trainer: [train] epoch=38 batch=1 loss=2.1961 acc=0.54 iou=0.12 objects=766
[2026-04-18 11:43:26,254] INFO qdcr.trainer: [train] epoch=38 batch=10 loss=2.2654 acc=0.55 iou=0.09 objects=710
[2026-04-18 11:44:06,321] INFO qdcr.trainer: [train] epoch=38 batch=20 loss=2.2958 acc=0.46 iou=0.10 objects=732
[2026-04-18 11:44:43,932] INFO qdcr.trainer: [train] epoch=38 batch=30 loss=2.2637 acc=0.46 iou=0.10 objects=708
[2026-04-18 11:44:44,055] INFO qdcr.trainer: [train] epoch=38 skipped validation eval_interval=5
[2026-04-18 11:44:48,401] INFO qdcr.trainer: [train] epoch=39 batch=1 loss=2.2110 acc=0.56 iou=0.11 objects=710
[2026-04-18 11:45:21,876] INFO qdcr.trainer: [train] epoch=39 batch=10 loss=2.1949 acc=0.57 iou=0.12 objects=761
[2026-04-18 11:45:59,836] INFO qdcr.trainer: [train] epoch=39 batch=20 loss=2.2192 acc=0.50 iou=0.11 objects=723
[2026-04-18 11:46:37,677] INFO qdcr.trainer: [train] epoch=39 batch=30 loss=2.2065 acc=0.51 iou=0.12 objects=741
[2026-04-18 11:46:37,782] INFO qdcr.trainer: [train] epoch=39 skipped validation eval_interval=5
[2026-04-18 11:46:42,054] INFO qdcr.trainer: [train] epoch=40 batch=1 loss=2.2546 acc=0.48 iou=0.11 objects=772
[2026-04-18 11:47:16,066] INFO qdcr.trainer: [train] epoch=40 batch=10 loss=2.2250 acc=0.51 iou=0.11 objects=710
[2026-04-18 11:47:53,709] INFO qdcr.trainer: [train] epoch=40 batch=20 loss=2.2715 acc=0.54 iou=0.09 objects=816
[2026-04-18 11:48:31,414] INFO qdcr.trainer: [train] epoch=40 batch=30 loss=2.2426 acc=0.49 iou=0.11 objects=762
[2026-04-18 11:51:13,811] INFO qdcr.trainer: [train] epoch=40 summary loss=2.2337 acc=0.51 iou=0.11 val_loss=2.3083 best=2.2980 best_epoch=35 wait=1/15 samples=21401
[2026-04-18 11:51:19,399] INFO qdcr.trainer: [train] epoch=41 batch=1 loss=2.2065 acc=0.48 iou=0.12 objects=690
[2026-04-18 11:51:53,210] INFO qdcr.trainer: [train] epoch=41 batch=10 loss=2.2133 acc=0.52 iou=0.11 objects=635
[2026-04-18 11:52:31,151] INFO qdcr.trainer: [train] epoch=41 batch=20 loss=2.2785 acc=0.51 iou=0.10 objects=743
[2026-04-18 11:53:09,233] INFO qdcr.trainer: [train] epoch=41 batch=30 loss=2.2041 acc=0.55 iou=0.12 objects=756
[2026-04-18 11:53:09,359] INFO qdcr.trainer: [train] epoch=41 skipped validation eval_interval=5
[2026-04-18 11:53:13,725] INFO qdcr.trainer: [train] epoch=42 batch=1 loss=2.2182 acc=0.50 iou=0.12 objects=664
[2026-04-18 11:53:46,936] INFO qdcr.trainer: [train] epoch=42 batch=10 loss=2.2442 acc=0.53 iou=0.10 objects=695
[2026-04-18 11:54:24,721] INFO qdcr.trainer: [train] epoch=42 batch=20 loss=2.1919 acc=0.55 iou=0.12 objects=784
[2026-04-18 11:55:02,871] INFO qdcr.trainer: [train] epoch=42 batch=30 loss=2.2153 acc=0.51 iou=0.11 objects=675
[2026-04-18 11:55:02,999] INFO qdcr.trainer: [train] epoch=42 skipped validation eval_interval=5
[2026-04-18 11:55:07,371] INFO qdcr.trainer: [train] epoch=43 batch=1 loss=2.2031 acc=0.49 iou=0.12 objects=655
[2026-04-18 11:55:41,052] INFO qdcr.trainer: [train] epoch=43 batch=10 loss=2.2248 acc=0.48 iou=0.10 objects=709
[2026-04-18 11:56:18,656] INFO qdcr.trainer: [train] epoch=43 batch=20 loss=2.1961 acc=0.50 iou=0.12 objects=669
[2026-04-18 11:56:55,792] INFO qdcr.trainer: [train] epoch=43 batch=30 loss=2.2243 acc=0.47 iou=0.12 objects=672
[2026-04-18 11:56:55,909] INFO qdcr.trainer: [train] epoch=43 skipped validation eval_interval=5
[2026-04-18 11:57:00,353] INFO qdcr.trainer: [train] epoch=44 batch=1 loss=2.2683 acc=0.50 iou=0.09 objects=712
[2026-04-18 11:57:33,860] INFO qdcr.trainer: [train] epoch=44 batch=10 loss=2.2392 acc=0.50 iou=0.11 objects=714
[2026-04-18 11:58:11,391] INFO qdcr.trainer: [train] epoch=44 batch=20 loss=2.1882 acc=0.48 iou=0.12 objects=692
[2026-04-18 11:58:48,769] INFO qdcr.trainer: [train] epoch=44 batch=30 loss=2.2469 acc=0.52 iou=0.11 objects=813
[2026-04-18 11:58:48,881] INFO qdcr.trainer: [train] epoch=44 skipped validation eval_interval=5
[2026-04-18 11:58:53,280] INFO qdcr.trainer: [train] epoch=45 batch=1 loss=2.2057 acc=0.53 iou=0.12 objects=764
[2026-04-18 11:59:27,075] INFO qdcr.trainer: [train] epoch=45 batch=10 loss=2.2285 acc=0.45 iou=0.12 objects=697
[2026-04-18 12:00:04,740] INFO qdcr.trainer: [train] epoch=45 batch=20 loss=2.1999 acc=0.56 iou=0.12 objects=730
[2026-04-18 12:00:42,212] INFO qdcr.trainer: [train] epoch=45 batch=30 loss=2.2335 acc=0.47 iou=0.11 objects=707
[2026-04-18 12:03:24,281] INFO qdcr.trainer: [train] epoch=45 summary loss=2.2211 acc=0.51 iou=0.11 val_loss=2.2862 best=2.2862 best_epoch=45 wait=0/15 samples=21401
[2026-04-18 12:03:27,236] INFO qdcr.trainer: [train] epoch=46 batch=1 loss=2.2028 acc=0.53 iou=0.12 objects=769
[2026-04-18 12:03:59,763] INFO qdcr.trainer: [train] epoch=46 batch=10 loss=2.2905 acc=0.52 iou=0.10 objects=671
[2026-04-18 12:04:37,298] INFO qdcr.trainer: [train] epoch=46 batch=20 loss=2.2765 acc=0.50 iou=0.09 objects=795
[2026-04-18 12:05:14,911] INFO qdcr.trainer: [train] epoch=46 batch=30 loss=2.2261 acc=0.54 iou=0.11 objects=745
[2026-04-18 12:05:15,095] INFO qdcr.trainer: [train] epoch=46 skipped validation eval_interval=5
[2026-04-18 12:05:19,259] INFO qdcr.trainer: [train] epoch=47 batch=1 loss=2.1988 acc=0.51 iou=0.12 objects=671
[2026-04-18 12:05:52,593] INFO qdcr.trainer: [train] epoch=47 batch=10 loss=2.1898 acc=0.58 iou=0.11 objects=672
[2026-04-18 12:06:30,215] INFO qdcr.trainer: [train] epoch=47 batch=20 loss=2.1910 acc=0.53 iou=0.12 objects=683
[2026-04-18 12:07:08,111] INFO qdcr.trainer: [train] epoch=47 batch=30 loss=2.2479 acc=0.49 iou=0.11 objects=741
[2026-04-18 12:07:08,254] INFO qdcr.trainer: [train] epoch=47 skipped validation eval_interval=5
[2026-04-18 12:07:12,702] INFO qdcr.trainer: [train] epoch=48 batch=1 loss=2.2670 acc=0.52 iou=0.10 objects=742
[2026-04-18 12:07:46,686] INFO qdcr.trainer: [train] epoch=48 batch=10 loss=2.2103 acc=0.58 iou=0.11 objects=751
[2026-04-18 12:08:24,804] INFO qdcr.trainer: [train] epoch=48 batch=20 loss=2.2246 acc=0.49 iou=0.11 objects=717
[2026-04-18 12:09:02,522] INFO qdcr.trainer: [train] epoch=48 batch=30 loss=2.2250 acc=0.52 iou=0.11 objects=720
[2026-04-18 12:09:02,693] INFO qdcr.trainer: [train] epoch=48 skipped validation eval_interval=5
[2026-04-18 12:09:07,070] INFO qdcr.trainer: [train] epoch=49 batch=1 loss=2.2059 acc=0.55 iou=0.11 objects=754
[2026-04-18 12:09:40,423] INFO qdcr.trainer: [train] epoch=49 batch=10 loss=2.2406 acc=0.52 iou=0.11 objects=818
[2026-04-18 12:10:17,436] INFO qdcr.trainer: [train] epoch=49 batch=20 loss=2.2107 acc=0.49 iou=0.12 objects=769
[2026-04-18 12:10:55,606] INFO qdcr.trainer: [train] epoch=49 batch=30 loss=2.1807 acc=0.61 iou=0.12 objects=801
[2026-04-18 12:10:55,748] INFO qdcr.trainer: [train] epoch=49 skipped validation eval_interval=5
[2026-04-18 12:10:59,989] INFO qdcr.trainer: [train] epoch=50 batch=1 loss=2.1186 acc=0.58 iou=0.15 objects=733
[2026-04-18 12:11:33,377] INFO qdcr.trainer: [train] epoch=50 batch=10 loss=2.1886 acc=0.53 iou=0.11 objects=675
[2026-04-18 12:12:11,015] INFO qdcr.trainer: [train] epoch=50 batch=20 loss=2.1927 acc=0.52 iou=0.13 objects=801
[2026-04-18 12:12:48,357] INFO qdcr.trainer: [train] epoch=50 batch=30 loss=2.2104 acc=0.45 iou=0.13 objects=714
[2026-04-18 12:15:31,922] INFO qdcr.trainer: [train] epoch=50 summary loss=2.2081 acc=0.53 iou=0.11 val_loss=2.2800 best=2.2800 best_epoch=50 wait=0/15 samples=21401
[2026-04-18 12:15:37,114] INFO qdcr.trainer: [train] epoch=51 batch=1 loss=2.1870 acc=0.48 iou=0.12 objects=668
[2026-04-18 12:16:10,665] INFO qdcr.trainer: [train] epoch=51 batch=10 loss=2.2639 acc=0.50 iou=0.09 objects=705
[2026-04-18 12:16:48,180] INFO qdcr.trainer: [train] epoch=51 batch=20 loss=2.2119 acc=0.49 iou=0.12 objects=736
[2026-04-18 12:17:25,416] INFO qdcr.trainer: [train] epoch=51 batch=30 loss=2.2079 acc=0.57 iou=0.10 objects=687
[2026-04-18 12:17:25,544] INFO qdcr.trainer: [train] epoch=51 skipped validation eval_interval=5
[2026-04-18 12:17:29,986] INFO qdcr.trainer: [train] epoch=52 batch=1 loss=2.2563 acc=0.53 iou=0.11 objects=809
[2026-04-18 12:18:03,709] INFO qdcr.trainer: [train] epoch=52 batch=10 loss=2.2023 acc=0.54 iou=0.12 objects=751
[2026-04-18 12:18:41,452] INFO qdcr.trainer: [train] epoch=52 batch=20 loss=2.2579 acc=0.45 iou=0.11 objects=710
[2026-04-18 12:19:18,830] INFO qdcr.trainer: [train] epoch=52 batch=30 loss=2.2466 acc=0.45 iou=0.10 objects=659
[2026-04-18 12:19:18,996] INFO qdcr.trainer: [train] epoch=52 skipped validation eval_interval=5
[2026-04-18 12:19:23,367] INFO qdcr.trainer: [train] epoch=53 batch=1 loss=2.2367 acc=0.49 iou=0.11 objects=784
[2026-04-18 12:19:56,413] INFO qdcr.trainer: [train] epoch=53 batch=10 loss=2.1773 acc=0.53 iou=0.12 objects=661
[2026-04-18 12:20:34,041] INFO qdcr.trainer: [train] epoch=53 batch=20 loss=2.2480 acc=0.51 iou=0.11 objects=799
[2026-04-18 12:21:11,348] INFO qdcr.trainer: [train] epoch=53 batch=30 loss=2.2363 acc=0.52 iou=0.11 objects=733
[2026-04-18 12:21:11,478] INFO qdcr.trainer: [train] epoch=53 skipped validation eval_interval=5
[2026-04-18 12:21:16,491] INFO qdcr.trainer: [train] epoch=54 batch=1 loss=2.2193 acc=0.54 iou=0.12 objects=752
[2026-04-18 12:21:50,381] INFO qdcr.trainer: [train] epoch=54 batch=10 loss=2.2255 acc=0.50 iou=0.10 objects=688
[2026-04-18 12:22:26,228] INFO qdcr.trainer: [train] epoch=54 batch=20 loss=2.2351 acc=0.54 iou=0.11 objects=830
[2026-04-18 12:23:02,515] INFO qdcr.trainer: [train] epoch=54 batch=30 loss=2.2221 acc=0.54 iou=0.10 objects=688
[2026-04-18 12:23:02,635] INFO qdcr.trainer: [train] epoch=54 skipped validation eval_interval=5
[2026-04-18 12:23:07,016] INFO qdcr.trainer: [train] epoch=55 batch=1 loss=2.2205 acc=0.56 iou=0.10 objects=703
[2026-04-18 12:23:39,144] INFO qdcr.trainer: [train] epoch=55 batch=10 loss=2.1772 acc=0.51 iou=0.11 objects=705
[2026-04-18 12:24:16,349] INFO qdcr.trainer: [train] epoch=55 batch=20 loss=2.2610 acc=0.54 iou=0.08 objects=667
[2026-04-18 12:24:53,641] INFO qdcr.trainer: [train] epoch=55 batch=30 loss=2.2066 acc=0.50 iou=0.12 objects=712
[2026-04-18 12:27:36,501] INFO qdcr.trainer: [train] epoch=55 summary loss=2.2064 acc=0.52 iou=0.11 val_loss=2.2727 best=2.2727 best_epoch=55 wait=0/15 samples=21401
[2026-04-18 12:27:38,752] INFO qdcr.trainer: [train] epoch=56 batch=1 loss=2.2122 acc=0.48 iou=0.13 objects=785
[2026-04-18 12:28:14,801] INFO qdcr.trainer: [train] epoch=56 batch=10 loss=2.2652 acc=0.43 iou=0.10 objects=678
[2026-04-18 12:28:54,520] INFO qdcr.trainer: [train] epoch=56 batch=20 loss=2.2380 acc=0.51 iou=0.11 objects=713
[2026-04-18 12:29:34,122] INFO qdcr.trainer: [train] epoch=56 batch=30 loss=2.1883 acc=0.51 iou=0.12 objects=721
[2026-04-18 12:29:34,254] INFO qdcr.trainer: [train] epoch=56 skipped validation eval_interval=5
[2026-04-18 12:29:38,854] INFO qdcr.trainer: [train] epoch=57 batch=1 loss=2.1957 acc=0.50 iou=0.12 objects=657
[2026-04-18 12:30:14,445] INFO qdcr.trainer: [train] epoch=57 batch=10 loss=2.2400 acc=0.56 iou=0.09 objects=719
[2026-04-18 12:30:54,275] INFO qdcr.trainer: [train] epoch=57 batch=20 loss=2.1942 acc=0.57 iou=0.10 objects=729
[2026-04-18 12:31:33,972] INFO qdcr.trainer: [train] epoch=57 batch=30 loss=2.1624 acc=0.53 iou=0.13 objects=669
[2026-04-18 12:31:34,088] INFO qdcr.trainer: [train] epoch=57 skipped validation eval_interval=5
[2026-04-18 12:31:38,672] INFO qdcr.trainer: [train] epoch=58 batch=1 loss=2.1971 acc=0.53 iou=0.12 objects=688
[2026-04-18 12:32:14,678] INFO qdcr.trainer: [train] epoch=58 batch=10 loss=2.2445 acc=0.53 iou=0.11 objects=830
[2026-04-18 12:32:54,628] INFO qdcr.trainer: [train] epoch=58 batch=20 loss=2.1486 acc=0.59 iou=0.12 objects=693
[2026-04-18 12:33:37,433] INFO qdcr.trainer: [train] epoch=58 batch=30 loss=2.2189 acc=0.53 iou=0.10 objects=678
[2026-04-18 12:33:37,561] INFO qdcr.trainer: [train] epoch=58 skipped validation eval_interval=5
[2026-04-18 12:33:42,130] INFO qdcr.trainer: [train] epoch=59 batch=1 loss=2.1924 acc=0.48 iou=0.13 objects=763
[2026-04-18 12:34:18,329] INFO qdcr.trainer: [train] epoch=59 batch=10 loss=2.1490 acc=0.55 iou=0.13 objects=727
[2026-04-18 12:34:57,964] INFO qdcr.trainer: [train] epoch=59 batch=20 loss=2.1981 acc=0.54 iou=0.12 objects=739
[2026-04-18 12:35:37,619] INFO qdcr.trainer: [train] epoch=59 batch=30 loss=2.1683 acc=0.53 iou=0.12 objects=713
[2026-04-18 12:35:37,785] INFO qdcr.trainer: [train] epoch=59 skipped validation eval_interval=5
[2026-04-18 12:35:42,380] INFO qdcr.trainer: [train] epoch=60 batch=1 loss=2.1770 acc=0.51 iou=0.12 objects=718
[2026-04-18 12:36:19,919] INFO qdcr.trainer: [train] epoch=60 batch=10 loss=2.1364 acc=0.51 iou=0.14 objects=702
[2026-04-18 12:37:00,003] INFO qdcr.trainer: [train] epoch=60 batch=20 loss=2.2076 acc=0.55 iou=0.11 objects=772
[2026-04-18 12:37:39,968] INFO qdcr.trainer: [train] epoch=60 batch=30 loss=2.1849 acc=0.58 iou=0.12 objects=788
[2026-04-18 12:40:27,479] INFO qdcr.trainer: [train] epoch=60 summary loss=2.1910 acc=0.53 iou=0.12 val_loss=2.2580 best=2.2580 best_epoch=60 wait=0/15 samples=21401
[2026-04-18 12:40:30,871] INFO qdcr.trainer: [train] epoch=61 batch=1 loss=2.1677 acc=0.55 iou=0.13 objects=713
[2026-04-18 12:41:05,626] INFO qdcr.trainer: [train] epoch=61 batch=10 loss=2.2424 acc=0.51 iou=0.11 objects=756
[2026-04-18 12:41:44,745] INFO qdcr.trainer: [train] epoch=61 batch=20 loss=2.1770 acc=0.50 iou=0.13 objects=705
[2026-04-18 12:42:23,590] INFO qdcr.trainer: [train] epoch=61 batch=30 loss=2.1771 acc=0.54 iou=0.12 objects=680
[2026-04-18 12:42:23,698] INFO qdcr.trainer: [train] epoch=61 skipped validation eval_interval=5
[2026-04-18 12:42:27,957] INFO qdcr.trainer: [train] epoch=62 batch=1 loss=2.1422 acc=0.56 iou=0.13 objects=652
[2026-04-18 12:43:02,954] INFO qdcr.trainer: [train] epoch=62 batch=10 loss=2.2331 acc=0.50 iou=0.11 objects=701
[2026-04-18 12:43:41,328] INFO qdcr.trainer: [train] epoch=62 batch=20 loss=2.2133 acc=0.54 iou=0.10 objects=737
[2026-04-18 12:44:19,861] INFO qdcr.trainer: [train] epoch=62 batch=30 loss=2.1895 acc=0.57 iou=0.11 objects=719
[2026-04-18 12:44:20,015] INFO qdcr.trainer: [train] epoch=62 skipped validation eval_interval=5
[2026-04-18 12:44:24,297] INFO qdcr.trainer: [train] epoch=63 batch=1 loss=2.1807 acc=0.47 iou=0.13 objects=615
[2026-04-18 12:44:58,323] INFO qdcr.trainer: [train] epoch=63 batch=10 loss=2.1439 acc=0.54 iou=0.12 objects=724
[2026-04-18 12:45:36,420] INFO qdcr.trainer: [train] epoch=63 batch=20 loss=2.1913 acc=0.57 iou=0.13 objects=776
[2026-04-18 12:46:15,367] INFO qdcr.trainer: [train] epoch=63 batch=30 loss=2.2210 acc=0.50 iou=0.11 objects=751
[2026-04-18 12:46:15,494] INFO qdcr.trainer: [train] epoch=63 skipped validation eval_interval=5
[2026-04-18 12:46:19,707] INFO qdcr.trainer: [train] epoch=64 batch=1 loss=2.1973 acc=0.52 iou=0.12 objects=733
[2026-04-18 12:46:53,890] INFO qdcr.trainer: [train] epoch=64 batch=10 loss=2.1030 acc=0.58 iou=0.14 objects=696
[2026-04-18 12:47:32,180] INFO qdcr.trainer: [train] epoch=64 batch=20 loss=2.2262 acc=0.48 iou=0.11 objects=695
[2026-04-18 12:48:11,015] INFO qdcr.trainer: [train] epoch=64 batch=30 loss=2.2155 acc=0.54 iou=0.11 objects=766
[2026-04-18 12:48:11,088] INFO qdcr.trainer: [train] epoch=64 skipped validation eval_interval=5
[2026-04-18 12:48:15,581] INFO qdcr.trainer: [train] epoch=65 batch=1 loss=2.2321 acc=0.51 iou=0.11 objects=730
[2026-04-18 12:48:49,390] INFO qdcr.trainer: [train] epoch=65 batch=10 loss=2.1896 acc=0.53 iou=0.12 objects=794
[2026-04-18 12:49:27,583] INFO qdcr.trainer: [train] epoch=65 batch=20 loss=2.2148 acc=0.51 iou=0.10 objects=570
[2026-04-18 12:50:05,602] INFO qdcr.trainer: [train] epoch=65 batch=30 loss=2.2283 acc=0.53 iou=0.10 objects=641
[2026-04-18 12:52:51,030] INFO qdcr.trainer: [train] epoch=65 summary loss=2.1880 acc=0.52 iou=0.12 val_loss=2.2705 best=2.2580 best_epoch=60 wait=1/15 samples=21401
[2026-04-18 12:52:54,009] INFO qdcr.trainer: [train] epoch=66 batch=1 loss=2.1810 acc=0.56 iou=0.13 objects=703
[2026-04-18 12:53:26,381] INFO qdcr.trainer: [train] epoch=66 batch=10 loss=2.2010 acc=0.50 iou=0.11 objects=682
[2026-04-18 12:54:02,049] INFO qdcr.trainer: [train] epoch=66 batch=20 loss=2.1808 acc=0.58 iou=0.12 objects=731
[2026-04-18 12:54:37,581] INFO qdcr.trainer: [train] epoch=66 batch=30 loss=2.1189 acc=0.54 iou=0.14 objects=668
[2026-04-18 12:54:37,715] INFO qdcr.trainer: [train] epoch=66 skipped validation eval_interval=5
[2026-04-18 12:54:41,934] INFO qdcr.trainer: [train] epoch=67 batch=1 loss=2.1832 acc=0.53 iou=0.12 objects=680
[2026-04-18 12:55:12,938] INFO qdcr.trainer: [train] epoch=67 batch=10 loss=2.1960 acc=0.51 iou=0.12 objects=668
[2026-04-18 12:55:47,911] INFO qdcr.trainer: [train] epoch=67 batch=20 loss=2.1706 acc=0.56 iou=0.13 objects=751
[2026-04-18 12:56:23,030] INFO qdcr.trainer: [train] epoch=67 batch=30 loss=2.1823 acc=0.50 iou=0.11 objects=595
[2026-04-18 12:56:23,220] INFO qdcr.trainer: [train] epoch=67 skipped validation eval_interval=5
[2026-04-18 12:56:27,713] INFO qdcr.trainer: [train] epoch=68 batch=1 loss=2.1931 acc=0.57 iou=0.11 objects=735
[2026-04-18 12:56:59,434] INFO qdcr.trainer: [train] epoch=68 batch=10 loss=2.2204 acc=0.45 iou=0.12 objects=695
[2026-04-18 12:57:35,489] INFO qdcr.trainer: [train] epoch=68 batch=20 loss=2.1448 acc=0.56 iou=0.13 objects=717
[2026-04-18 12:58:10,761] INFO qdcr.trainer: [train] epoch=68 batch=30 loss=2.1889 acc=0.52 iou=0.11 objects=704
[2026-04-18 12:58:10,870] INFO qdcr.trainer: [train] epoch=68 skipped validation eval_interval=5
[2026-04-18 12:58:14,798] INFO qdcr.trainer: [train] epoch=69 batch=1 loss=2.1877 acc=0.55 iou=0.12 objects=725
[2026-04-18 12:58:46,542] INFO qdcr.trainer: [train] epoch=69 batch=10 loss=2.1880 acc=0.54 iou=0.12 objects=747
[2026-04-18 12:59:22,336] INFO qdcr.trainer: [train] epoch=69 batch=20 loss=2.1421 acc=0.51 iou=0.14 objects=745
[2026-04-18 12:59:58,330] INFO qdcr.trainer: [train] epoch=69 batch=30 loss=2.1462 acc=0.55 iou=0.13 objects=708
[2026-04-18 12:59:58,459] INFO qdcr.trainer: [train] epoch=69 skipped validation eval_interval=5
[2026-04-18 13:00:02,284] INFO qdcr.trainer: [train] epoch=70 batch=1 loss=2.1320 acc=0.53 iou=0.14 objects=712
[2026-04-18 13:00:35,056] INFO qdcr.trainer: [train] epoch=70 batch=10 loss=2.1735 acc=0.51 iou=0.12 objects=680
[2026-04-18 13:01:10,100] INFO qdcr.trainer: [train] epoch=70 batch=20 loss=2.2942 acc=0.44 iou=0.10 objects=774
[2026-04-18 13:01:45,249] INFO qdcr.trainer: [train] epoch=70 batch=30 loss=2.1971 acc=0.54 iou=0.12 objects=804
[2026-04-18 13:04:29,331] INFO qdcr.trainer: [train] epoch=70 summary loss=2.1851 acc=0.53 iou=0.12 val_loss=2.2699 best=2.2580 best_epoch=60 wait=2/15 samples=21401
[2026-04-18 13:04:31,800] INFO qdcr.trainer: [train] epoch=71 batch=1 loss=2.1412 acc=0.51 iou=0.12 objects=647
[2026-04-18 13:05:02,383] INFO qdcr.trainer: [train] epoch=71 batch=10 loss=2.1809 acc=0.54 iou=0.12 objects=678
[2026-04-18 13:05:37,250] INFO qdcr.trainer: [train] epoch=71 batch=20 loss=2.2243 acc=0.47 iou=0.11 objects=652
[2026-04-18 13:06:12,210] INFO qdcr.trainer: [train] epoch=71 batch=30 loss=2.2501 acc=0.56 iou=0.10 objects=767
[2026-04-18 13:06:12,325] INFO qdcr.trainer: [train] epoch=71 skipped validation eval_interval=5
[2026-04-18 13:06:16,480] INFO qdcr.trainer: [train] epoch=72 batch=1 loss=2.1332 acc=0.58 iou=0.13 objects=642
[2026-04-18 13:06:46,934] INFO qdcr.trainer: [train] epoch=72 batch=10 loss=2.1279 acc=0.48 iou=0.13 objects=649
[2026-04-18 13:07:22,329] INFO qdcr.trainer: [train] epoch=72 batch=20 loss=2.1900 acc=0.50 iou=0.12 objects=807
[2026-04-18 13:07:56,826] INFO qdcr.trainer: [train] epoch=72 batch=30 loss=2.2026 acc=0.48 iou=0.12 objects=671
[2026-04-18 13:07:56,946] INFO qdcr.trainer: [train] epoch=72 skipped validation eval_interval=5
[2026-04-18 13:08:00,622] INFO qdcr.trainer: [train] epoch=73 batch=1 loss=2.1524 acc=0.52 iou=0.11 objects=580
[2026-04-18 13:08:32,577] INFO qdcr.trainer: [train] epoch=73 batch=10 loss=2.1986 acc=0.53 iou=0.10 objects=657
[2026-04-18 13:09:07,527] INFO qdcr.trainer: [train] epoch=73 batch=20 loss=2.1881 acc=0.51 iou=0.13 objects=811
[2026-04-18 13:09:42,444] INFO qdcr.trainer: [train] epoch=73 batch=30 loss=2.1560 acc=0.49 iou=0.13 objects=658
[2026-04-18 13:09:42,639] INFO qdcr.trainer: [train] epoch=73 skipped validation eval_interval=5
[2026-04-18 13:09:46,843] INFO qdcr.trainer: [train] epoch=74 batch=1 loss=2.1924 acc=0.51 iou=0.11 objects=632
[2026-04-18 13:10:17,908] INFO qdcr.trainer: [train] epoch=74 batch=10 loss=2.1839 acc=0.58 iou=0.12 objects=811
[2026-04-18 13:10:53,273] INFO qdcr.trainer: [train] epoch=74 batch=20 loss=2.1483 acc=0.53 iou=0.12 objects=681
[2026-04-18 13:11:28,658] INFO qdcr.trainer: [train] epoch=74 batch=30 loss=2.1259 acc=0.56 iou=0.15 objects=776
[2026-04-18 13:11:28,769] INFO qdcr.trainer: [train] epoch=74 skipped validation eval_interval=5
[2026-04-18 13:11:33,017] INFO qdcr.trainer: [train] epoch=75 batch=1 loss=2.1784 acc=0.48 iou=0.13 objects=680
[2026-04-18 13:12:03,624] INFO qdcr.trainer: [train] epoch=75 batch=10 loss=2.2298 acc=0.49 iou=0.10 objects=670
[2026-04-18 13:12:38,605] INFO qdcr.trainer: [train] epoch=75 batch=20 loss=2.1557 acc=0.52 iou=0.12 objects=703
[2026-04-18 13:13:13,740] INFO qdcr.trainer: [train] epoch=75 batch=30 loss=2.1730 acc=0.52 iou=0.12 objects=745
[2026-04-18 13:15:56,874] INFO qdcr.trainer: [train] epoch=75 summary loss=2.1712 acc=0.53 iou=0.12 val_loss=2.2578 best=2.2580 best_epoch=60 wait=3/15 samples=21401
[2026-04-18 13:15:59,050] INFO qdcr.trainer: [train] epoch=76 batch=1 loss=2.1573 acc=0.57 iou=0.13 objects=738
[2026-04-18 13:16:29,781] INFO qdcr.trainer: [train] epoch=76 batch=10 loss=2.1796 acc=0.50 iou=0.13 objects=761
[2026-04-18 13:17:04,582] INFO qdcr.trainer: [train] epoch=76 batch=20 loss=2.2169 acc=0.46 iou=0.12 objects=726
[2026-04-18 13:17:39,332] INFO qdcr.trainer: [train] epoch=76 batch=30 loss=2.0741 acc=0.51 iou=0.15 objects=620
[2026-04-18 13:17:39,438] INFO qdcr.trainer: [train] epoch=76 skipped validation eval_interval=5
[2026-04-18 13:17:43,334] INFO qdcr.trainer: [train] epoch=77 batch=1 loss=2.1669 acc=0.59 iou=0.11 objects=747
[2026-04-18 13:18:13,613] INFO qdcr.trainer: [train] epoch=77 batch=10 loss=2.1881 acc=0.51 iou=0.12 objects=726
[2026-04-18 13:18:48,367] INFO qdcr.trainer: [train] epoch=77 batch=20 loss=2.1705 acc=0.52 iou=0.12 objects=716
[2026-04-18 13:19:22,609] INFO qdcr.trainer: [train] epoch=77 batch=30 loss=2.2191 acc=0.53 iou=0.11 objects=699
[2026-04-18 13:19:22,732] INFO qdcr.trainer: [train] epoch=77 skipped validation eval_interval=5
[2026-04-18 13:19:27,123] INFO qdcr.trainer: [train] epoch=78 batch=1 loss=2.2184 acc=0.49 iou=0.12 objects=775
[2026-04-18 13:19:58,136] INFO qdcr.trainer: [train] epoch=78 batch=10 loss=2.1911 acc=0.54 iou=0.11 objects=742
[2026-04-18 13:20:32,775] INFO qdcr.trainer: [train] epoch=78 batch=20 loss=2.1183 acc=0.56 iou=0.14 objects=708
[2026-04-18 13:21:07,066] INFO qdcr.trainer: [train] epoch=78 batch=30 loss=2.1901 acc=0.56 iou=0.11 objects=684
[2026-04-18 13:21:07,500] INFO qdcr.trainer: [train] epoch=78 skipped validation eval_interval=5
[2026-04-18 13:21:11,794] INFO qdcr.trainer: [train] epoch=79 batch=1 loss=2.1704 acc=0.55 iou=0.12 objects=719
[2026-04-18 13:21:43,449] INFO qdcr.trainer: [train] epoch=79 batch=10 loss=2.1482 acc=0.58 iou=0.13 objects=701
[2026-04-18 13:22:17,802] INFO qdcr.trainer: [train] epoch=79 batch=20 loss=2.1759 acc=0.48 iou=0.12 objects=662
[2026-04-18 13:22:52,083] INFO qdcr.trainer: [train] epoch=79 batch=30 loss=2.1249 acc=0.55 iou=0.14 objects=668
[2026-04-18 13:22:52,191] INFO qdcr.trainer: [train] epoch=79 skipped validation eval_interval=5
[2026-04-18 13:22:56,447] INFO qdcr.trainer: [train] epoch=80 batch=1 loss=2.1643 acc=0.55 iou=0.13 objects=719
[2026-04-18 13:23:28,125] INFO qdcr.trainer: [train] epoch=80 batch=10 loss=2.1182 acc=0.55 iou=0.14 objects=692
[2026-04-18 13:24:04,046] INFO qdcr.trainer: [train] epoch=80 batch=20 loss=2.2130 acc=0.47 iou=0.12 objects=763
[2026-04-18 13:24:37,722] INFO qdcr.trainer: [train] epoch=80 batch=30 loss=2.1646 acc=0.57 iou=0.13 objects=802
[2026-04-18 13:27:18,842] INFO qdcr.trainer: [train] epoch=80 summary loss=2.1677 acc=0.53 iou=0.12 val_loss=2.2478 best=2.2478 best_epoch=80 wait=0/15 samples=21401
[2026-04-18 13:27:33,434] INFO qdcr.trainer: [train] epoch=81 batch=1 loss=2.1541 acc=0.54 iou=0.13 objects=751
[2026-04-18 13:28:13,206] INFO qdcr.trainer: [train] epoch=81 batch=10 loss=2.1682 acc=0.56 iou=0.12 objects=723
[2026-04-18 13:28:55,467] INFO qdcr.trainer: [train] epoch=81 batch=20 loss=2.1126 acc=0.52 iou=0.15 objects=696
[2026-04-18 13:29:36,735] INFO qdcr.trainer: [train] epoch=81 batch=30 loss=2.1689 acc=0.55 iou=0.12 objects=744
[2026-04-18 13:29:36,862] INFO qdcr.trainer: [train] epoch=81 skipped validation eval_interval=5
[2026-04-18 13:29:41,720] INFO qdcr.trainer: [train] epoch=82 batch=1 loss=2.0996 acc=0.57 iou=0.14 objects=734
[2026-04-18 13:30:18,069] INFO qdcr.trainer: [train] epoch=82 batch=10 loss=2.1459 acc=0.52 iou=0.14 objects=688
[2026-04-18 13:31:01,253] INFO qdcr.trainer: [train] epoch=82 batch=20 loss=2.1950 acc=0.50 iou=0.12 objects=734
[2026-04-18 13:31:41,654] INFO qdcr.trainer: [train] epoch=82 batch=30 loss=2.1395 acc=0.60 iou=0.13 objects=732
[2026-04-18 13:31:41,830] INFO qdcr.trainer: [train] epoch=82 skipped validation eval_interval=5
[2026-04-18 13:31:46,488] INFO qdcr.trainer: [train] epoch=83 batch=1 loss=2.1926 acc=0.55 iou=0.11 objects=690
[2026-04-18 13:32:23,025] INFO qdcr.trainer: [train] epoch=83 batch=10 loss=2.2020 acc=0.52 iou=0.11 objects=667
[2026-04-18 13:33:03,121] INFO qdcr.trainer: [train] epoch=83 batch=20 loss=2.1438 acc=0.55 iou=0.13 objects=712
[2026-04-18 13:33:44,399] INFO qdcr.trainer: [train] epoch=83 batch=30 loss=2.1722 acc=0.53 iou=0.13 objects=722
[2026-04-18 13:33:44,530] INFO qdcr.trainer: [train] epoch=83 skipped validation eval_interval=5
[2026-04-18 13:33:48,919] INFO qdcr.trainer: [train] epoch=84 batch=1 loss=2.0925 acc=0.51 iou=0.14 objects=640
[2026-04-18 13:34:24,855] INFO qdcr.trainer: [train] epoch=84 batch=10 loss=2.1475 acc=0.50 iou=0.14 objects=746
[2026-04-18 13:35:05,009] INFO qdcr.trainer: [train] epoch=84 batch=20 loss=2.1502 acc=0.55 iou=0.12 objects=723
[2026-04-18 13:35:45,776] INFO qdcr.trainer: [train] epoch=84 batch=30 loss=2.2565 acc=0.45 iou=0.10 objects=678
[2026-04-18 13:35:45,920] INFO qdcr.trainer: [train] epoch=84 skipped validation eval_interval=5
[2026-04-18 13:35:50,405] INFO qdcr.trainer: [train] epoch=85 batch=1 loss=2.1340 acc=0.47 iou=0.14 objects=639
[2026-04-18 13:36:26,438] INFO qdcr.trainer: [train] epoch=85 batch=10 loss=2.1327 acc=0.59 iou=0.13 objects=774
[2026-04-18 13:37:07,100] INFO qdcr.trainer: [train] epoch=85 batch=20 loss=2.1819 acc=0.54 iou=0.11 objects=704
[2026-04-18 13:37:47,532] INFO qdcr.trainer: [train] epoch=85 batch=30 loss=2.1742 acc=0.53 iou=0.12 objects=758
[2026-04-18 13:40:36,784] INFO qdcr.trainer: [train] epoch=85 summary loss=2.1591 acc=0.54 iou=0.13 val_loss=2.2434 best=2.2434 best_epoch=85 wait=0/15 samples=21401
[2026-04-18 13:40:38,991] INFO qdcr.trainer: [train] epoch=86 batch=1 loss=2.1837 acc=0.55 iou=0.11 objects=713
[2026-04-18 13:41:12,122] INFO qdcr.trainer: [train] epoch=86 batch=10 loss=2.1243 acc=0.57 iou=0.12 objects=655
[2026-04-18 13:41:50,837] INFO qdcr.trainer: [train] epoch=86 batch=20 loss=2.1522 acc=0.56 iou=0.12 objects=691
[2026-04-18 13:42:28,497] INFO qdcr.trainer: [train] epoch=86 batch=30 loss=2.1696 acc=0.53 iou=0.13 objects=706
[2026-04-18 13:42:28,612] INFO qdcr.trainer: [train] epoch=86 skipped validation eval_interval=5
[2026-04-18 13:42:32,976] INFO qdcr.trainer: [train] epoch=87 batch=1 loss=2.1055 acc=0.55 iou=0.15 objects=685
[2026-04-18 13:43:06,425] INFO qdcr.trainer: [train] epoch=87 batch=10 loss=2.1483 acc=0.52 iou=0.13 objects=689
[2026-04-18 13:43:43,469] INFO qdcr.trainer: [train] epoch=87 batch=20 loss=2.1201 acc=0.50 iou=0.13 objects=572
[2026-04-18 13:44:21,598] INFO qdcr.trainer: [train] epoch=87 batch=30 loss=2.1972 acc=0.50 iou=0.14 objects=820
[2026-04-18 13:44:21,707] INFO qdcr.trainer: [train] epoch=87 skipped validation eval_interval=5
[2026-04-18 13:44:25,926] INFO qdcr.trainer: [train] epoch=88 batch=1 loss=2.1986 acc=0.56 iou=0.10 objects=725
[2026-04-18 13:44:59,857] INFO qdcr.trainer: [train] epoch=88 batch=10 loss=2.1216 acc=0.52 iou=0.13 objects=653
[2026-04-18 13:45:37,320] INFO qdcr.trainer: [train] epoch=88 batch=20 loss=2.1560 acc=0.60 iou=0.13 objects=771
[2026-04-18 13:46:15,244] INFO qdcr.trainer: [train] epoch=88 batch=30 loss=2.1908 acc=0.43 iou=0.11 objects=672
[2026-04-18 13:46:15,358] INFO qdcr.trainer: [train] epoch=88 skipped validation eval_interval=5
[2026-04-18 13:46:19,534] INFO qdcr.trainer: [train] epoch=89 batch=1 loss=2.1568 acc=0.54 iou=0.13 objects=749
[2026-04-18 13:46:53,270] INFO qdcr.trainer: [train] epoch=89 batch=10 loss=2.0833 acc=0.61 iou=0.14 objects=693
[2026-04-18 13:47:30,648] INFO qdcr.trainer: [train] epoch=89 batch=20 loss=2.1763 acc=0.49 iou=0.13 objects=753
[2026-04-18 13:48:08,482] INFO qdcr.trainer: [train] epoch=89 batch=30 loss=2.1720 acc=0.54 iou=0.11 objects=653
[2026-04-18 13:48:08,616] INFO qdcr.trainer: [train] epoch=89 skipped validation eval_interval=5
[2026-04-18 13:48:12,981] INFO qdcr.trainer: [train] epoch=90 batch=1 loss=2.1536 acc=0.53 iou=0.14 objects=778
[2026-04-18 13:48:46,530] INFO qdcr.trainer: [train] epoch=90 batch=10 loss=2.1369 acc=0.55 iou=0.13 objects=706
[2026-04-18 13:49:23,696] INFO qdcr.trainer: [train] epoch=90 batch=20 loss=2.1157 acc=0.56 iou=0.13 objects=697
[2026-04-18 13:50:01,181] INFO qdcr.trainer: [train] epoch=90 batch=30 loss=2.1824 acc=0.55 iou=0.11 objects=653
[2026-04-18 13:52:44,483] INFO qdcr.trainer: [train] epoch=90 summary loss=2.1532 acc=0.54 iou=0.13 val_loss=2.2396 best=2.2396 best_epoch=90 wait=0/15 samples=21401
[2026-04-18 13:52:46,856] INFO qdcr.trainer: [train] epoch=91 batch=1 loss=2.1667 acc=0.52 iou=0.12 objects=701
[2026-04-18 13:53:19,801] INFO qdcr.trainer: [train] epoch=91 batch=10 loss=2.1607 acc=0.59 iou=0.13 objects=770
[2026-04-18 13:53:57,363] INFO qdcr.trainer: [train] epoch=91 batch=20 loss=2.2088 acc=0.49 iou=0.12 objects=784
[2026-04-18 13:54:35,134] INFO qdcr.trainer: [train] epoch=91 batch=30 loss=2.1803 acc=0.53 iou=0.11 objects=703
[2026-04-18 13:54:35,230] INFO qdcr.trainer: [train] epoch=91 skipped validation eval_interval=5
[2026-04-18 13:54:39,755] INFO qdcr.trainer: [train] epoch=92 batch=1 loss=2.1682 acc=0.55 iou=0.12 objects=726
[2026-04-18 13:55:13,143] INFO qdcr.trainer: [train] epoch=92 batch=10 loss=2.1469 acc=0.54 iou=0.12 objects=646
[2026-04-18 13:55:50,964] INFO qdcr.trainer: [train] epoch=92 batch=20 loss=2.2054 acc=0.49 iou=0.11 objects=755
[2026-04-18 13:56:28,320] INFO qdcr.trainer: [train] epoch=92 batch=30 loss=2.2053 acc=0.59 iou=0.11 objects=772
[2026-04-18 13:56:28,434] INFO qdcr.trainer: [train] epoch=92 skipped validation eval_interval=5
[2026-04-18 13:56:33,030] INFO qdcr.trainer: [train] epoch=93 batch=1 loss=2.1893 acc=0.53 iou=0.13 objects=823
[2026-04-18 13:57:05,924] INFO qdcr.trainer: [train] epoch=93 batch=10 loss=2.1684 acc=0.51 iou=0.13 objects=752
[2026-04-18 13:57:43,086] INFO qdcr.trainer: [train] epoch=93 batch=20 loss=2.1541 acc=0.55 iou=0.14 objects=801
[2026-04-18 13:58:20,361] INFO qdcr.trainer: [train] epoch=93 batch=30 loss=2.1514 acc=0.59 iou=0.11 objects=741
[2026-04-18 13:58:20,455] INFO qdcr.trainer: [train] epoch=93 skipped validation eval_interval=5
[2026-04-18 13:58:24,641] INFO qdcr.trainer: [train] epoch=94 batch=1 loss=2.1669 acc=0.45 iou=0.13 objects=630
[2026-04-18 13:58:57,969] INFO qdcr.trainer: [train] epoch=94 batch=10 loss=2.1188 acc=0.53 iou=0.14 objects=636
[2026-04-18 13:59:34,845] INFO qdcr.trainer: [train] epoch=94 batch=20 loss=2.1762 acc=0.55 iou=0.11 objects=696
[2026-04-18 14:00:12,044] INFO qdcr.trainer: [train] epoch=94 batch=30 loss=2.1175 acc=0.55 iou=0.13 objects=720
[2026-04-18 14:00:12,191] INFO qdcr.trainer: [train] epoch=94 skipped validation eval_interval=5
[2026-04-18 14:00:16,387] INFO qdcr.trainer: [train] epoch=95 batch=1 loss=2.1530 acc=0.56 iou=0.13 objects=697
[2026-04-18 14:00:50,102] INFO qdcr.trainer: [train] epoch=95 batch=10 loss=2.2129 acc=0.52 iou=0.10 objects=683
[2026-04-18 14:01:27,767] INFO qdcr.trainer: [train] epoch=95 batch=20 loss=2.1255 acc=0.63 iou=0.12 objects=680
[2026-04-18 14:02:05,426] INFO qdcr.trainer: [train] epoch=95 batch=30 loss=2.1650 acc=0.53 iou=0.12 objects=716
[2026-04-18 14:04:50,420] INFO qdcr.trainer: [train] epoch=95 summary loss=2.1577 acc=0.54 iou=0.13 val_loss=2.2438 best=2.2396 best_epoch=90 wait=1/15 samples=21401
[2026-04-18 14:04:53,999] INFO qdcr.trainer: [train] epoch=96 batch=1 loss=2.1375 acc=0.50 iou=0.13 objects=669
[2026-04-18 14:05:26,307] INFO qdcr.trainer: [train] epoch=96 batch=10 loss=2.1861 acc=0.54 iou=0.12 objects=698
[2026-04-18 14:06:03,540] INFO qdcr.trainer: [train] epoch=96 batch=20 loss=2.1862 acc=0.50 iou=0.13 objects=672
[2026-04-18 14:06:40,184] INFO qdcr.trainer: [train] epoch=96 batch=30 loss=2.1568 acc=0.54 iou=0.12 objects=699
[2026-04-18 14:06:40,303] INFO qdcr.trainer: [train] epoch=96 skipped validation eval_interval=5
[2026-04-18 14:06:44,547] INFO qdcr.trainer: [train] epoch=97 batch=1 loss=2.1875 acc=0.54 iou=0.11 objects=808
[2026-04-18 14:07:17,580] INFO qdcr.trainer: [train] epoch=97 batch=10 loss=2.1730 acc=0.49 iou=0.13 objects=609
[2026-04-18 14:07:54,997] INFO qdcr.trainer: [train] epoch=97 batch=20 loss=2.1704 acc=0.51 iou=0.12 objects=658
[2026-04-18 14:08:32,734] INFO qdcr.trainer: [train] epoch=97 batch=30 loss=2.1883 acc=0.49 iou=0.13 objects=714
[2026-04-18 14:08:32,879] INFO qdcr.trainer: [train] epoch=97 skipped validation eval_interval=5
[2026-04-18 14:08:36,977] INFO qdcr.trainer: [train] epoch=98 batch=1 loss=2.1427 acc=0.56 iou=0.12 objects=625
[2026-04-18 14:09:10,635] INFO qdcr.trainer: [train] epoch=98 batch=10 loss=2.1615 acc=0.53 iou=0.14 objects=790
[2026-04-18 14:09:46,442] INFO qdcr.trainer: [train] epoch=98 batch=20 loss=2.1720 acc=0.49 iou=0.14 objects=817
[2026-04-18 14:10:23,829] INFO qdcr.trainer: [train] epoch=98 batch=30 loss=2.1697 acc=0.52 iou=0.12 objects=693
[2026-04-18 14:10:24,215] INFO qdcr.trainer: [train] epoch=98 skipped validation eval_interval=5
[2026-04-18 14:10:28,418] INFO qdcr.trainer: [train] epoch=99 batch=1 loss=2.1536 acc=0.52 iou=0.13 objects=692
[2026-04-18 14:11:01,451] INFO qdcr.trainer: [train] epoch=99 batch=10 loss=2.1765 acc=0.54 iou=0.12 objects=714
[2026-04-18 14:11:39,573] INFO qdcr.trainer: [train] epoch=99 batch=20 loss=2.1563 acc=0.60 iou=0.12 objects=704
[2026-04-18 14:12:16,841] INFO qdcr.trainer: [train] epoch=99 batch=30 loss=2.1667 acc=0.54 iou=0.11 objects=683
[2026-04-18 14:12:16,903] INFO qdcr.trainer: [train] epoch=99 skipped validation eval_interval=5
[2026-04-18 14:12:21,216] INFO qdcr.trainer: [train] epoch=100 batch=1 loss=2.1627 acc=0.57 iou=0.11 objects=690
[2026-04-18 14:12:53,998] INFO qdcr.trainer: [train] epoch=100 batch=10 loss=2.1709 acc=0.53 iou=0.11 objects=681
[2026-04-18 14:13:30,053] INFO qdcr.trainer: [train] epoch=100 batch=20 loss=2.2040 acc=0.53 iou=0.11 objects=718
[2026-04-18 14:14:07,529] INFO qdcr.trainer: [train] epoch=100 batch=30 loss=2.0940 acc=0.57 iou=0.13 objects=660
[2026-04-18 14:16:52,141] INFO qdcr.trainer: [train] epoch=100 summary loss=2.1487 acc=0.55 iou=0.13 val_loss=2.2347 best=2.2347 best_epoch=100 wait=0/15 samples=21401
[2026-04-18 14:16:56,089] INFO qdcr.trainer: [train] epoch=101 batch=1 loss=2.1684 acc=0.53 iou=0.12 objects=709
[2026-04-18 14:17:29,198] INFO qdcr.trainer: [train] epoch=101 batch=10 loss=2.1536 acc=0.52 iou=0.12 objects=689
[2026-04-18 14:18:06,543] INFO qdcr.trainer: [train] epoch=101 batch=20 loss=2.1726 acc=0.58 iou=0.12 objects=769
[2026-04-18 14:18:43,749] INFO qdcr.trainer: [train] epoch=101 batch=30 loss=2.1099 acc=0.54 iou=0.15 objects=740
[2026-04-18 14:18:43,865] INFO qdcr.trainer: [train] epoch=101 skipped validation eval_interval=5
[2026-04-18 14:18:48,262] INFO qdcr.trainer: [train] epoch=102 batch=1 loss=2.1691 acc=0.51 iou=0.12 objects=700
[2026-04-18 14:19:21,163] INFO qdcr.trainer: [train] epoch=102 batch=10 loss=2.1881 acc=0.54 iou=0.11 objects=678
[2026-04-18 14:19:58,990] INFO qdcr.trainer: [train] epoch=102 batch=20 loss=2.1621 acc=0.52 iou=0.13 objects=712
[2026-04-18 14:20:36,899] INFO qdcr.trainer: [train] epoch=102 batch=30 loss=2.1336 acc=0.52 iou=0.14 objects=726
[2026-04-18 14:20:37,020] INFO qdcr.trainer: [train] epoch=102 skipped validation eval_interval=5
[2026-04-18 14:20:41,254] INFO qdcr.trainer: [train] epoch=103 batch=1 loss=2.1819 acc=0.47 iou=0.13 objects=797
[2026-04-18 14:21:12,721] INFO qdcr.trainer: [train] epoch=103 batch=10 loss=2.1470 acc=0.54 iou=0.11 objects=642
[2026-04-18 14:21:50,350] INFO qdcr.trainer: [train] epoch=103 batch=20 loss=2.1997 acc=0.53 iou=0.11 objects=744
[2026-04-18 14:22:26,228] INFO qdcr.trainer: [train] epoch=103 batch=30 loss=2.0771 acc=0.52 iou=0.15 objects=641
[2026-04-18 14:22:26,340] INFO qdcr.trainer: [train] epoch=103 skipped validation eval_interval=5
[2026-04-18 14:22:30,939] INFO qdcr.trainer: [train] epoch=104 batch=1 loss=2.1437 acc=0.52 iou=0.14 objects=715
[2026-04-18 14:23:03,837] INFO qdcr.trainer: [train] epoch=104 batch=10 loss=2.2209 acc=0.49 iou=0.11 objects=744
[2026-04-18 14:23:40,989] INFO qdcr.trainer: [train] epoch=104 batch=20 loss=2.1527 acc=0.58 iou=0.12 objects=741
[2026-04-18 14:24:17,931] INFO qdcr.trainer: [train] epoch=104 batch=30 loss=2.1426 acc=0.54 iou=0.13 objects=701
[2026-04-18 14:24:18,082] INFO qdcr.trainer: [train] epoch=104 skipped validation eval_interval=5
[2026-04-18 14:24:22,185] INFO qdcr.trainer: [train] epoch=105 batch=1 loss=2.1929 acc=0.56 iou=0.09 objects=670
[2026-04-18 14:24:55,511] INFO qdcr.trainer: [train] epoch=105 batch=10 loss=2.1314 acc=0.53 iou=0.14 objects=777
[2026-04-18 14:25:31,240] INFO qdcr.trainer: [train] epoch=105 batch=20 loss=2.1611 acc=0.56 iou=0.12 objects=708
[2026-04-18 14:26:06,958] INFO qdcr.trainer: [train] epoch=105 batch=30 loss=2.1702 acc=0.56 iou=0.11 objects=726
[2026-04-18 14:28:51,793] INFO qdcr.trainer: [train] epoch=105 summary loss=2.1478 acc=0.54 iou=0.13 val_loss=2.2409 best=2.2347 best_epoch=100 wait=1/15 samples=21401
[2026-04-18 14:28:54,138] INFO qdcr.trainer: [train] epoch=106 batch=1 loss=2.1396 acc=0.53 iou=0.14 objects=743
[2026-04-18 14:29:24,962] INFO qdcr.trainer: [train] epoch=106 batch=10 loss=2.1695 acc=0.55 iou=0.12 objects=673
[2026-04-18 14:30:02,349] INFO qdcr.trainer: [train] epoch=106 batch=20 loss=2.0858 acc=0.53 iou=0.15 objects=682
[2026-04-18 14:30:38,463] INFO qdcr.trainer: [train] epoch=106 batch=30 loss=2.1033 acc=0.52 iou=0.15 objects=713
[2026-04-18 14:30:38,603] INFO qdcr.trainer: [train] epoch=106 skipped validation eval_interval=5
[2026-04-18 14:30:43,049] INFO qdcr.trainer: [train] epoch=107 batch=1 loss=2.1203 acc=0.60 iou=0.14 objects=772
[2026-04-18 14:31:14,852] INFO qdcr.trainer: [train] epoch=107 batch=10 loss=2.1454 acc=0.56 iou=0.12 objects=725
[2026-04-18 14:31:50,949] INFO qdcr.trainer: [train] epoch=107 batch=20 loss=2.1483 acc=0.52 iou=0.12 objects=725
[2026-04-18 14:32:27,720] INFO qdcr.trainer: [train] epoch=107 batch=30 loss=2.1152 acc=0.59 iou=0.15 objects=752
[2026-04-18 14:32:27,834] INFO qdcr.trainer: [train] epoch=107 skipped validation eval_interval=5
[2026-04-18 14:32:32,188] INFO qdcr.trainer: [train] epoch=108 batch=1 loss=2.1606 acc=0.59 iou=0.13 objects=765
[2026-04-18 14:33:04,988] INFO qdcr.trainer: [train] epoch=108 batch=10 loss=2.1653 acc=0.50 iou=0.12 objects=687
[2026-04-18 14:33:42,090] INFO qdcr.trainer: [train] epoch=108 batch=20 loss=2.1805 acc=0.56 iou=0.12 objects=780
[2026-04-18 14:34:17,852] INFO qdcr.trainer: [train] epoch=108 batch=30 loss=2.1428 acc=0.57 iou=0.13 objects=698
[2026-04-18 14:34:17,963] INFO qdcr.trainer: [train] epoch=108 skipped validation eval_interval=5
[2026-04-18 14:34:22,205] INFO qdcr.trainer: [train] epoch=109 batch=1 loss=2.1802 acc=0.59 iou=0.12 objects=795
[2026-04-18 14:34:54,038] INFO qdcr.trainer: [train] epoch=109 batch=10 loss=2.1858 acc=0.55 iou=0.10 objects=640
[2026-04-18 14:35:31,132] INFO qdcr.trainer: [train] epoch=109 batch=20 loss=2.1314 acc=0.59 iou=0.13 objects=796
[2026-04-18 14:36:08,148] INFO qdcr.trainer: [train] epoch=109 batch=30 loss=2.1206 acc=0.57 iou=0.12 objects=713
[2026-04-18 14:36:08,273] INFO qdcr.trainer: [train] epoch=109 skipped validation eval_interval=5
[2026-04-18 14:36:12,467] INFO qdcr.trainer: [train] epoch=110 batch=1 loss=2.2015 acc=0.50 iou=0.12 objects=741
[2026-04-18 14:36:44,637] INFO qdcr.trainer: [train] epoch=110 batch=10 loss=2.1195 acc=0.58 iou=0.14 objects=835
[2026-04-18 14:37:18,743] INFO qdcr.trainer: [train] epoch=110 batch=20 loss=2.1415 acc=0.52 iou=0.13 objects=724
[2026-04-18 14:37:55,057] INFO qdcr.trainer: [train] epoch=110 batch=30 loss=2.0838 acc=0.57 iou=0.14 objects=647
[2026-04-18 14:40:39,892] INFO qdcr.trainer: [train] epoch=110 summary loss=2.1402 acc=0.55 iou=0.13 val_loss=2.2495 best=2.2347 best_epoch=100 wait=2/15 samples=21401
[2026-04-18 14:40:42,814] INFO qdcr.trainer: [train] epoch=111 batch=1 loss=2.1479 acc=0.51 iou=0.12 objects=674
[2026-04-18 14:41:15,427] INFO qdcr.trainer: [train] epoch=111 batch=10 loss=2.1721 acc=0.56 iou=0.12 objects=668
[2026-04-18 14:41:51,533] INFO qdcr.trainer: [train] epoch=111 batch=20 loss=2.1142 acc=0.59 iou=0.12 objects=726
[2026-04-18 14:42:28,638] INFO qdcr.trainer: [train] epoch=111 batch=30 loss=2.1028 acc=0.60 iou=0.15 objects=713
[2026-04-18 14:42:28,823] INFO qdcr.trainer: [train] epoch=111 skipped validation eval_interval=5
[2026-04-18 14:42:33,000] INFO qdcr.trainer: [train] epoch=112 batch=1 loss=2.1977 acc=0.51 iou=0.11 objects=707
[2026-04-18 14:43:06,176] INFO qdcr.trainer: [train] epoch=112 batch=10 loss=2.1449 acc=0.55 iou=0.13 objects=678
[2026-04-18 14:43:43,607] INFO qdcr.trainer: [train] epoch=112 batch=20 loss=2.1607 acc=0.52 iou=0.13 objects=738
[2026-04-18 14:44:19,558] INFO qdcr.trainer: [train] epoch=112 batch=30 loss=2.1005 acc=0.53 iou=0.15 objects=720
[2026-04-18 14:44:19,680] INFO qdcr.trainer: [train] epoch=112 skipped validation eval_interval=5
[2026-04-18 14:44:23,604] INFO qdcr.trainer: [train] epoch=113 batch=1 loss=2.1813 acc=0.55 iou=0.13 objects=805
[2026-04-18 14:44:54,503] INFO qdcr.trainer: [train] epoch=113 batch=10 loss=2.1241 acc=0.55 iou=0.14 objects=736
[2026-04-18 14:45:28,585] INFO qdcr.trainer: [train] epoch=113 batch=20 loss=2.1388 acc=0.59 iou=0.12 objects=679
[2026-04-18 14:46:04,243] INFO qdcr.trainer: [train] epoch=113 batch=30 loss=2.1251 acc=0.57 iou=0.13 objects=688
[2026-04-18 14:46:04,365] INFO qdcr.trainer: [train] epoch=113 skipped validation eval_interval=5
[2026-04-18 14:46:08,984] INFO qdcr.trainer: [train] epoch=114 batch=1 loss=2.1470 acc=0.51 iou=0.13 objects=662
[2026-04-18 14:46:40,783] INFO qdcr.trainer: [train] epoch=114 batch=10 loss=2.0652 acc=0.57 iou=0.16 objects=686
[2026-04-18 14:47:15,020] INFO qdcr.trainer: [train] epoch=114 batch=20 loss=2.1021 acc=0.54 iou=0.15 objects=752
[2026-04-18 14:47:51,094] INFO qdcr.trainer: [train] epoch=114 batch=30 loss=2.1399 acc=0.56 iou=0.11 objects=652
[2026-04-18 14:47:51,221] INFO qdcr.trainer: [train] epoch=114 skipped validation eval_interval=5
[2026-04-18 14:47:55,460] INFO qdcr.trainer: [train] epoch=115 batch=1 loss=2.1083 acc=0.53 iou=0.14 objects=734
[2026-04-18 14:48:27,150] INFO qdcr.trainer: [train] epoch=115 batch=10 loss=2.1114 acc=0.59 iou=0.13 objects=700
[2026-04-18 14:49:03,232] INFO qdcr.trainer: [train] epoch=115 batch=20 loss=2.1424 acc=0.52 iou=0.12 objects=691
[2026-04-18 14:49:38,422] INFO qdcr.trainer: [train] epoch=115 batch=30 loss=2.1590 acc=0.56 iou=0.13 objects=712
[2026-04-18 14:52:23,454] INFO qdcr.trainer: [train] epoch=115 summary loss=2.1368 acc=0.55 iou=0.13 val_loss=2.2522 best=2.2347 best_epoch=100 wait=3/15 samples=21401
[2026-04-18 14:52:25,955] INFO qdcr.trainer: [train] epoch=116 batch=1 loss=2.1582 acc=0.53 iou=0.12 objects=684
[2026-04-18 14:52:56,870] INFO qdcr.trainer: [train] epoch=116 batch=10 loss=2.1158 acc=0.54 iou=0.13 objects=695
[2026-04-18 14:53:33,634] INFO qdcr.trainer: [train] epoch=116 batch=20 loss=2.1410 acc=0.55 iou=0.13 objects=693
[2026-04-18 14:54:09,677] INFO qdcr.trainer: [train] epoch=116 batch=30 loss=2.1369 acc=0.54 iou=0.13 objects=702
[2026-04-18 14:54:09,789] INFO qdcr.trainer: [train] epoch=116 skipped validation eval_interval=5
[2026-04-18 14:54:13,963] INFO qdcr.trainer: [train] epoch=117 batch=1 loss=2.1863 acc=0.57 iou=0.11 objects=691
[2026-04-18 14:54:47,567] INFO qdcr.trainer: [train] epoch=117 batch=10 loss=2.1923 acc=0.52 iou=0.10 objects=655
[2026-04-18 14:55:24,820] INFO qdcr.trainer: [train] epoch=117 batch=20 loss=2.1585 acc=0.54 iou=0.13 objects=764
[2026-04-18 14:55:58,945] INFO qdcr.trainer: [train] epoch=117 batch=30 loss=2.0739 acc=0.56 iou=0.16 objects=737
[2026-04-18 14:55:59,126] INFO qdcr.trainer: [train] epoch=117 skipped validation eval_interval=5
[2026-04-18 14:56:03,416] INFO qdcr.trainer: [train] epoch=118 batch=1 loss=2.0989 acc=0.55 iou=0.14 objects=683
[2026-04-18 14:56:35,446] INFO qdcr.trainer: [train] epoch=118 batch=10 loss=2.1333 acc=0.54 iou=0.13 objects=671
[2026-04-18 14:57:11,174] INFO qdcr.trainer: [train] epoch=118 batch=20 loss=2.1483 acc=0.53 iou=0.13 objects=706
[2026-04-18 14:57:45,352] INFO qdcr.trainer: [train] epoch=118 batch=30 loss=2.1935 acc=0.55 iou=0.10 objects=691
[2026-04-18 14:57:45,521] INFO qdcr.trainer: [train] epoch=118 skipped validation eval_interval=5
[2026-04-18 14:57:49,780] INFO qdcr.trainer: [train] epoch=119 batch=1 loss=2.1505 acc=0.53 iou=0.13 objects=736
[2026-04-18 14:58:21,558] INFO qdcr.trainer: [train] epoch=119 batch=10 loss=2.1511 acc=0.55 iou=0.12 objects=763
[2026-04-18 14:58:55,601] INFO qdcr.trainer: [train] epoch=119 batch=20 loss=2.1485 acc=0.55 iou=0.14 objects=754
[2026-04-18 14:59:30,786] INFO qdcr.trainer: [train] epoch=119 batch=30 loss=2.1651 acc=0.55 iou=0.12 objects=639
[2026-04-18 14:59:30,934] INFO qdcr.trainer: [train] epoch=119 skipped validation eval_interval=5
[2026-04-18 14:59:34,997] INFO qdcr.trainer: [train] epoch=120 batch=1 loss=2.0859 acc=0.54 iou=0.14 objects=667
[2026-04-18 15:00:06,753] INFO qdcr.trainer: [train] epoch=120 batch=10 loss=2.1649 acc=0.53 iou=0.13 objects=692
[2026-04-18 15:00:43,199] INFO qdcr.trainer: [train] epoch=120 batch=20 loss=2.1459 acc=0.56 iou=0.11 objects=619
[2026-04-18 15:01:17,672] INFO qdcr.trainer: [train] epoch=120 batch=30 loss=2.1029 acc=0.58 iou=0.14 objects=657
[2026-04-18 15:03:59,172] INFO qdcr.trainer: [train] epoch=120 summary loss=2.1335 acc=0.55 iou=0.13 val_loss=2.2844 best=2.2347 best_epoch=100 wait=4/15 samples=21401
[2026-04-18 15:04:02,504] INFO qdcr.dingtalk: 钉钉机器人消息响应：{"errcode":0,"errmsg":"ok"}
[2026-04-18 15:04:02,504] INFO qdcr.notify: [notify] dingtalk success message sent stage=训练
